// Jest Snapshot v1, https://goo.gl/fbAQLP

exports[`app GET /config returns complete configuration 1`] = `
Array [
  Object {
    "status": 404,
    "type": "globalMatch",
  },
]
`;
